// Jest Snapshot v1, https://goo.gl/fbAQLP

exports[`internals should not have changed API 1`] = `
Object {
  "IReduxicleConfig": undefined,
  "IReduxicleConfigWithoutPlugins": undefined,
  "IReduxiclePlugin": undefined,
  "IWithInjectors": undefined,
  "compose": [Function],
  "connect": [Function],
  "createHOC": [Function],
  "getIn": [Function],
  "setIn": [Function],
  "withInjectors": [Function],
}
`;
